Vivado Simulator v2022.2
Copyright 1986-1999, 2001-2022 Xilinx, Inc. All Rights Reserved.
Running: C:/Xilinx/Vivado/2022.2/bin/unwrapped/win64.o/xelab.exe tb_mlsd_adapter_regression -s snapshot -debug typical
Multi-threading is on. Using 18 slave threads.
Starting static elaboration
Pass Through NonSizing Optimizer
WARNING: [VRFC 10-3645] port 'raw8_packed' remains unconnected for this instance [<PROJECT_ROOT>/tb/tb_mlsd_adapter_regression.sv:27]
Completed static elaboration
Starting simulation data flow analysis
Completed simulation data flow analysis
Time Resolution for simulation is 1ps
Compiling module work.codex_pam4_rs4_prefix8_nearest2_...
Compiling module work.codex_pam4_rs4_prefix32_xform_ex...
Compiling module work.codex_pam4_rs4_row_min_ooc(MET_W...
Compiling module work.codex_pam4_rs4_apply_xform_rowpi...
Compiling module work.codex_pam4_rs4_prefix32_trace_sh...
Compiling module work.FIR_Q6_7TAP_TRANSPOSED_PARTIAL_3...
Compiling module work.FIR_Q6_21TAP_GROUP_PIPE_32LANE_d...
Compiling module work.FIR_Q6_NTAP_TRANSPOSED_32LANE_de...
Compiling module work.codex_pam4_rs4_trace32_board_ada...
Compiling module work.tb_mlsd_adapter_regression
Built simulation snapshot snapshot
